<!DOCTYPE html>
<html>
<head>
  <meta http-equiv='content-type' content='text/html; charset=utf-8'>
  <meta name='viewport' content='width=device-width, initial-scale=1.0'>
  <style type='text/css'>
    body { margin: 1em 15%; }
  </style>
</head>
<body>
<div class='story-header'>
	<h1><a href='0002919291.html'>Un vagabond soupçonné d%27un double meurtre à la hache en France</a></h1>
	<div class='details'>([Monde] 26-09-2018 14:51)</div>
	<br/>
	<div class='content' style='text-align: justify'>
		Un vagabond espagnol, soupçonné d%27un double meurtre perpétré en juin dans le sud de la France, a été inculpé et écroué, a-t-on appris mercredi ...
	</div>
<hr/>
</div>
</body>
