<!DOCTYPE html>
<html>
<head>
  <meta http-equiv='content-type' content='text/html; charset=utf-8'>
  <meta name='viewport' content='width=device-width, initial-scale=1.0'>
  <style type='text/css'>
    body { margin: 1em 15%; }
  </style>
</head>
<body>
<div class='story-header'>
	<h2><a href='0002919326.html'>Les éleveurs de la zone infectée dispensés de cotisations sociales</a></h2>
	<div class='details'>([Belgique] 26-09-2018 19:16)</div>
	<br/>
	<div class='content' style='text-align: justify'>
		Les exploitants porcins qui se trouvent dans la zone de sécurité délimitée après l%27apparition, à la mi-septembre, du virus de la peste porcine ...
	</div>
<hr/>
</div>
</body>
