<!DOCTYPE html>
<html>
<head>
  <meta http-equiv='content-type' content='text/html; charset=utf-8'>
  <meta name='viewport' content='width=device-width, initial-scale=1.0'>
  <style type='text/css'>
    body { margin: 1em 15%; }
  </style>
</head>
<body>
<div class='story-header'>
	<h2><a href='0002919272.html'>Un béluga aperçu dans la Tamise, à 50km de Londres</a></h2>
	<div class='details'>([Espèces Menacées] 26-09-2018 13:15)</div>
	<br/>
	<div class='content' style='text-align: justify'>
		Un béluga, cétacé habituellement observé dans l%27océan Arctique, a été aperçu dans la Tamise, provoquant l%27inquiétude des défenseurs de ...
	</div>
<hr/>
</div>
</body>
