<!DOCTYPE html>
<html>
<head>
  <meta http-equiv='content-type' content='text/html; charset=utf-8'>
  <meta name='viewport' content='width=device-width, initial-scale=1.0'>
  <style type='text/css'>
    body { margin: 1em 15%; }
  </style>
</head>
<body>
<div class='story-header'>
	<h2><a href='0002919297.html'>Procès du sous-marin danois: Peter Madsen condamné à perpétuité</a></h2>
	<div class='details'>([Monde] 26-09-2018 14:37)</div>
	<br/>
	<div class='content' style='text-align: justify'>
		La Haute cour de Copenhague a confirmé mercredi en appel la condamnation de l%27inventeur danois Peter Madsen à la réclusion à perpétuité pour ...
	</div>
<hr/>
</div>
</body>
