<!DOCTYPE html>
<html>
<head>
  <meta http-equiv='content-type' content='text/html; charset=utf-8'>
  <meta name='viewport' content='width=device-width, initial-scale=1.0'>
  <style type='text/css'>
    body { margin: 1em 15%; }
  </style>
</head>
<body>
<div class='story-header'>
	<h1><a href='0002919294.html'>150 personnalités de France lancent un "manifeste pour l%27accueil des migrants"</a></h1>
	<div class='details'>([Monde] 26-09-2018 15:24)</div>
	<br/>
	<div class='content' style='text-align: justify'>
		Quelque 150 personnalités, intellectuels ou artistes en France ont lancé mercredi un %27manifeste pour l%27accueil des migrants%27 refusant toute ...
	</div>
<hr/>
</div>
</body>
