<!DOCTYPE html>
<html>
<head>
  <meta http-equiv='content-type' content='text/html; charset=utf-8'>
  <meta name='viewport' content='width=device-width, initial-scale=1.0'>
  <style type='text/css'>
    body { margin: 1em 15%; }
  </style>
</head>
<body>
<div class='story-header'>
	<h2><a href='0002919296.html'>"Rien n%27a été convenu": Courtois évoque la concurrence avec Navas</a></h2>
	<div class='details'>([Football Etranger] 26-09-2018 16:49)</div>
	<br/>
	<div class='content' style='text-align: justify'>
		Thibaut Courtois doit faire face à la féroce concurrence de Keylor Navas depuis son arrivée au Real Madrid. Comme l%27a confirmé le Diable, Julen ...
	</div>
<hr/>
</div>
</body>
