<!DOCTYPE html>
<html>
<head>
  <meta http-equiv='content-type' content='text/html; charset=utf-8'>
  <meta name='viewport' content='width=device-width, initial-scale=1.0'>
  <style type='text/css'>
    body { margin: 1em 15%; }
  </style>
</head>
<body>
<div class='story'>
	<h1>[$] Measuring (and fixing) I/O-controller throughput loss</h1>
	<div class='details'>([Kernel] Aug 29, 2018 21:20 UTC (Wed) (corbet))</div>
	<br/>
    <ul>
        <li>News link: <a href='https://lwn.net/Articles/763603'>https://lwn.net/Articles/763603</a></li>
        <li>Source link: <a href=''></a></li>
    </ul>
	<br/>
	<div class='content' style='text-align: justify'>
		[$] Sorry, this article is currently available to LWN suscribers only [https://lwn.net/subscribe/].
	</div>
<hr/>
</div>
</body>
