<!DOCTYPE html>
<html>
<head>
  <meta http-equiv='content-type' content='text/html; charset=utf-8'>
  <meta name='viewport' content='width=device-width, initial-scale=1.0'>
  <style type='text/css'>
    body { margin: 1em 15%; }
  </style>
</head>
<body>
<div class='story'>
	<h2>[$] Strengthening user-space Spectre v2 protection</h2>
	<div class='details'>([Kernel] Sep 5, 2018 21:47 UTC (Wed) (corbet))</div>
	<br/>
    <ul>
    <li>Reference: <a href=''>0000764209</a></li>
        <li>News link: <a href='https://lwn.net/Articles/764209'>https://lwn.net/Articles/764209</a></li>
        <li>Source link: <a href=''></a></li>
    </ul>
	<br/>
	<div class='content' style='text-align: justify'>
		[$] Sorry, this article is currently available to LWN suscribers only [https://lwn.net/subscribe/].
	</div>
<hr/>
</div>
</body>
