<!DOCTYPE html>
<html>
<head>
  <meta http-equiv='content-type' content='text/html; charset=utf-8'>
  <meta name='viewport' content='width=device-width, initial-scale=1.0'>
  <style type='text/css'>
    body { margin: 1em 15%; }
  </style>
</head>
<body>
<div class='story'>
	<h2>Linagora a fêté ses 18 ans cet été : la vidéo</h2>
	<div class='details'>(2018/09/23)</div>
	<br/>
    <ul>
    <li>Reference: <a href=''>2018-09-23T09_29_00Z</a></li>
        <li>News link: <a href='https://www.toolinux.com/?Linagora-a-fete-ses-18-ans-cet-ete-la-video'>https://www.toolinux.com/?Linagora-a-fete-ses-18-ans-cet-ete-la-video</a></li>
        <li>Source link: <a href=''></a></li>
    </ul>
	<br/>
	<div class='content' style='text-align: justify'>
		Linagora a fêté ses 18 ans cet été : la vidéo<br/><br/>dimanche 23 septembre 2018<br/><br/>Cet été, tout comme Toolinux.com, LINAGORA a soufflé sa 18ème bougie. Une vidéo a été publiée pour fêter cet événement.<br/><br/>Ce 18e anniversaire a été l’occasion pour le groupe - devenu international ! - de publier une refonte de son site web autour de ses valeurs consolidées.<br/><br/>Note aux lecteurs : Linagora finance toolinux.com depuis mai 2000.<br/><br/>[1]<br/><br/><br/><br/>[1] https://www.toolinux.com/?Linagora-a-fete-ses-18-ans-cet-ete-la-video#forum
	</div>
<hr/>
</div>
</body>
