<!DOCTYPE html>
<html>
<head>
  <meta http-equiv='content-type' content='text/html; charset=utf-8'>
  <meta name='viewport' content='width=device-width, initial-scale=1.0'>
  <style type='text/css'>
    body { margin: 1em 15%; }
  </style>
</head>
<body>
<div class='story-header'>
	<h2><a href='2018-09-21T09_22_00Z.html'>Acquisition : Adimeo s’offre la société OpCoding</a></h2>
	<div class='details'>(2018/09/21)</div>
	<br/>
	<div class='content' style='text-align: justify'>
		OpCoding, expert PHP Javascript, entre dans le giron d’Adimeo, une entreprise fondée il y a 13 ans en France. Sa présence se renforce en région : après Paris, place à Metz et au Luxembourg. Le rachat d’Opcoding va permettre à Adimeo de renforcer ses équipes techniques pour faire face au développement commercial de la société. Cette acquisition va (...)
	</div>
<hr/>
</div>
</body>
