<!DOCTYPE html>
<html>
<head>
  <meta http-equiv='content-type' content='text/html; charset=utf-8'>
  <meta name='viewport' content='width=device-width, initial-scale=1.0'>
  <style type='text/css'>
    body { margin: 1em 15%; }
  </style>
</head>
<body>
<div class='story-header'>
	<h2><a href='2018-10-09_17-00__release__To_Leave__a_c.html'>[release] To Leave, a challenging puzzle-platformer with an emotionally gripping narrative, released on Steam today with day 1 Linux support. 20% off during its first week.</a></h2>
	<div class='details'>([linux_gaming] 2018-10-09_17-00)</div>
	<br/>
	<div class='content' style='text-align: justify'>
		
	</div>
<hr/>
</div>
</body>
