<!DOCTYPE html>
<html>
<head>
  <meta http-equiv='content-type' content='text/html; charset=utf-8'>
  <meta name='viewport' content='width=device-width, initial-scale=1.0'>
  <style type='text/css'>
    body { margin: 1em 15%; }
  </style>
</head>
<body>
<div class='story-header'>
	<h2><a href='2018-10-09_11-00_BATTLETECH_Linux_beta_l.html'>BATTLETECH Linux beta loading ten times faster than on Windows 10? Oh, the irony...</a></h2>
	<div class='details'>([linux_gaming] 2018-10-09_11-00)</div>
	<br/>
	<div class='content' style='text-align: justify'>
		
	</div>
<hr/>
</div>
</body>
