<!DOCTYPE html>
<html>
<head>
  <meta http-equiv='content-type' content='text/html; charset=utf-8'>
  <meta name='viewport' content='width=device-width, initial-scale=1.0'>
  <style type='text/css'>
    body { margin: 1em 15%; }
  </style>
</head>
<body>
<div class='story'>
	<h2>CS:GO update has some improvements for linux</h2>
	<div class='details'>([linux_gaming] 2018-10-09_08-00)</div>
	<br/>
    <ul>
    <li>Reference: <a href=''>2018-10-09_08-00_CS_GO_update_has_some_i</a></li>
        <li>News link: <a href='https://www.reddit.com/r/linux_gaming/comments/9l7je9/csgo_update_has_some_improvements_for_linux/'>https://www.reddit.com/r/linux_gaming/comments/9l7je9/csgo_update_has_some_improvements_for_linux/</a></li>
        <li>Source link: <a href='https://www.reddit.com/r/GlobalOffensive/comments/9l6fm7/counterstrike_global_offensive_update_for_10318/'>https://www.reddit.com/r/GlobalOffensive/comments/9l6fm7/counterstrike_global_offensive_update_for_10318/</a></li>
    </ul>
	<br/>
	<div class='content' style='text-align: justify'>
		[1]<br/><br/>Counter-Strike: Global Offensive update for 10/3/18 (1.36.5.4)<br/><br/><br/><br/>[1] https://www.reddit.com/r/GlobalOffensive/comments/9l6fm7/counterstrike_global_offensive_update_for_10318/
	</div>
<hr/>
  <div class='comment' style='display: block; margin-left: 80px'>
    <h3>PM_MOAR_NUDES</h3>
    <div class='by' style='font-style: italic;'></div>
    <div class='comment_content'><p>They still didn’t fix fastdownload from community servers...</p></div>
    <div class='comment' style='display: block; margin-left: 80px'>
      <h3>Firelfyyy</h3>
      <div class='by' style='font-style: italic;'></div>
      <div class='comment_content'><p>Yep still an issue for me as well... Hopefully they'll sort it soon.</p></div>
      <div class='comment' style='display: block; margin-left: 80px'>
        <h3>PM_MOAR_NUDES</h3>
        <div class='by' style='font-style: italic;'></div>
        <div class='comment_content'><p>You know the workaround? It’s easy to use, but it’s just beyond me that valve hasn’t just spent five minutes fixing this</p></div>
        <div class='comment' style='display: block; margin-left: 80px'>
          <h3>Firelfyyy</h3>
          <div class='by' style='font-style: italic;'></div>
          <div class='comment_content'><p>I think so, care to share anyway.</p><p>Haven't actually bothered using it.</p></div>
          <div class='comment' style='display: block; margin-left: 80px'>
            <h3>kkdarknight</h3>
            <div class='by' style='font-style: italic;'></div>
            <div class='comment_content'><p>[1]https://github.com/ericek111/linux-csgo-downloadfixer</p><p></p><p></p><p></p><p></p><p>[1] https://github.com/ericek111/linux-csgo-downloadfixer</p></div>
          </div>
          <div class='comment' style='display: block; margin-left: 80px'>
            <h3>PM_MOAR_NUDES</h3>
            <div class='by' style='font-style: italic;'></div>
            <div class='comment_content'><p>It’s painless to use I am out and about so I’ll forget to find a link but it is shared in one of the github bug tracker page for that isseu</p></div>
            <div class='comment' style='display: block; margin-left: 80px'>
              <h3>klinch3R</h3>
              <div class='by' style='font-style: italic;'></div>
              <div class='comment_content'><p>If you remind me in like 1 hour i can post a link to it.</p></div>
            </div>
          </div>
        </div>
      </div>
    </div>
    <div class='comment' style='display: block; margin-left: 80px'>
      <h3>whatyourereferringto</h3>
      <div class='by' style='font-style: italic;'></div>
      <div class='comment_content'><p>This update almost made me want to reinstall but I'll wait until this is fixed</p></div>
      <div class='comment' style='display: block; margin-left: 80px'>
        <h3>PM_MOAR_NUDES</h3>
        <div class='by' style='font-style: italic;'></div>
        <div class='comment_content'><p>Oddly there is a workaround created by a guy that makes cheats for csgo</p></div>
        <div class='comment' style='display: block; margin-left: 80px'>
          <h3>whatyourereferringto</h3>
          <div class='by' style='font-style: italic;'></div>
          <div class='comment_content'><p>I've used that before but it's a little bit pathetic this bug hasn't been fixed after 4+ years</p></div>
          <div class='comment' style='display: block; margin-left: 80px'>
            <h3>PM_MOAR_NUDES</h3>
            <div class='by' style='font-style: italic;'></div>
            <div class='comment_content'><p>True</p></div>
          </div>
        </div>
        <div class='comment' style='display: block; margin-left: 80px'>
          <h3>ericek111</h3>
          <div class='by' style='font-style: italic;'></div>
          <div class='comment_content'><p>Hey, my cheats are just a proof-of-concept! :)</p></div>
        </div>
      </div>
    </div>
  </div>
  <div class='comment' style='display: block; margin-left: 80px'>
    <h3>TheSilentLink</h3>
    <div class='by' style='font-style: italic;'></div>
    <div class='comment_content'><p>This is great news! It finally fixes the bug where one core was stuck at 100% all the time.</p></div>
    <div class='comment' style='display: block; margin-left: 80px'>
      <h3>Firelfyyy</h3>
      <div class='by' style='font-style: italic;'></div>
      <div class='comment_content'><p>Fuck I have to check this out!</p></div>
    </div>
  </div>
  <div class='comment' style='display: block; margin-left: 80px'>
    <h3>dirtkiller23</h3>
    <div class='by' style='font-style: italic;'></div>
    <div class='comment_content'><p>I had like 60 average fps(ulletical's benchmark map) on Scaleform,and panorama was on 45 av.fps.After this patch,i'm hitting constant 60 fps.</p></div>
    <div class='comment' style='display: block; margin-left: 80px'>
      <h3>Firelfyyy</h3>
      <div class='by' style='font-style: italic;'></div>
      <div class='comment_content'><p>Good to know! I play c's pretty competitively so I have a pretty beastly gaming pc yet having slightly less fps on Linux than windows bothered me.</p></div>
      <div class='comment' style='display: block; margin-left: 80px'>
        <h3>Nakrule18</h3>
        <div class='by' style='font-style: italic;'></div>
        <div class='comment_content'><p>I just switched from windows to Linux and have only 100FPS (240 before) on CSGO. Any idea what I’m doing wrong ? I use an Optimus laptop with the latest nvidia driver and bumblebee.</p></div>
        <div class='comment' style='display: block; margin-left: 80px'>
          <h3>Firelfyyy</h3>
          <div class='by' style='font-style: italic;'></div>
          <div class='comment_content'><p>Make sure compositing is turned off before launching cs. Should do it automatically.</p><p>Make sure you have the latest driver.</p><p>Optimus shouldn't have such a large perf hit so maybe not that.</p><p>Possibly your CPU isn't boosting as much under Linux. Cs is very CPU based so having high individual core counts can help heaps.</p></div>
          <div class='comment' style='display: block; margin-left: 80px'>
            <h3>Nakrule18</h3>
            <div class='by' style='font-style: italic;'></div>
            <div class='comment_content'><p>I will try this tonight, thank you. It is definitely not a CPU issue (Razer Blade 2018 with six physical cores).</p><p>In fact I was wondering if my laptop was using the Nvidia card or the Intel IGP, as 100FPS when playing CS with the lowest settings in 1024x768 should not be possible with a GTX1060.</p></div>
            <div class='comment' style='display: block; margin-left: 80px'>
              <h3>Firelfyyy</h3>
              <div class='by' style='font-style: italic;'></div>
              <div class='comment_content'><p>Individual core speeds are more important, but 100fps is still pretty low so you're probably right there.</p><p>But yeah if Optimus isn't working properly that sounds like a reasonable reason.</p></div>
              <div class='comment' style='display: block; margin-left: 80px'>
                <h3>Nakrule18</h3>
                <div class='by' style='font-style: italic;'></div>
                <div class='comment_content'><p>Do you know any way to check which card is being used while playing ?</p></div>
                <div class='comment' style='display: block; margin-left: 80px'>
                  <h3>Firelfyyy</h3>
                  <div class='by' style='font-style: italic;'></div>
                  <div class='comment_content'><p>No clue, don't play on laptops. Sorry!</p></div>
                </div>
              </div>
            </div>
          </div>
        </div>
      </div>
    </div>
  </div>
  <div class='comment' style='display: block; margin-left: 80px'>
    <h3>rebakis</h3>
    <div class='by' style='font-style: italic;'></div>
    <div class='comment_content'><p>I hope so, Performance really suffered with the Panorama update.</p></div>
  </div>
  <div class='comment' style='display: block; margin-left: 80px'>
    <h3>gandalfx</h3>
    <div class='by' style='font-style: italic;'></div>
    <div class='comment_content'><p>Is boosting possible in casual now? That sounds dope!</p></div>
    <div class='comment' style='display: block; margin-left: 80px'>
      <h3>Firelfyyy</h3>
      <div class='by' style='font-style: italic;'></div>
      <div class='comment_content'><p>Yup!</p></div>
    </div>
  </div>
  <div class='comment' style='display: block; margin-left: 80px'>
    <h3>jrwagh333</h3>
    <div class='by' style='font-style: italic;'></div>
    <div class='comment_content'><p>Any tips for improving performance in Linux?</p><p>I have Ryzen 1600 @3.75Ghz.</p><p>I used to get between 250-350fps in competitive. Using Linux that drops down to 120-200fps</p><p>Currently using -high as a launch option and setting the CPU Guvnor in Terminal to performance</p></div>
  </div>
  <div class='comment' style='display: block; margin-left: 80px'>
    <h3>TurnDownForTendies</h3>
    <div class='by' style='font-style: italic;'></div>
    <div class='comment_content'><p>Still getting less performance than windows but this is significantly better than what it used to be for me. Maps used to have big fps drops and now its a lot smoother.</p></div>
  </div>
  <div class='comment' style='display: block; margin-left: 80px'>
    <h3>Atexrs</h3>
    <div class='by' style='font-style: italic;'></div>
    <div class='comment_content'><p>What about the bug I've had for years on gnome where alt tabbing causes the games aspect ratio and resolution to get fucked up.</p></div>
    <div class='comment' style='display: block; margin-left: 80px'>
      <h3>jensreuterberg</h3>
      <div class='by' style='font-style: italic;'></div>
      <div class='comment_content'><p>Never had that problem myself, is it only on GNOME? And do you set resolution in like launch options?</p></div>
    </div>
    <div class='comment' style='display: block; margin-left: 80px'>
      <h3>gandalfx</h3>
      <div class='by' style='font-style: italic;'></div>
      <div class='comment_content'><p>The comment symbolizes everything I hate about the CSGO community: Always complaining. Valve could do nothing even a fraction as horrible as the constant bitching of people who want everything different but nothing changed.</p></div>
      <div class='comment' style='display: block; margin-left: 80px'>
        <h3>headless_cyborg</h3>
        <div class='by' style='font-style: italic;'></div>
        <div class='comment_content'><p>I like every CSGO update, it always makes something better. I don't think I ever had a reason to complain. The best update was adding Linux support in 2014 of course :)</p></div>
      </div>
      <div class='comment' style='display: block; margin-left: 80px'>
        <h3>jensreuterberg</h3>
        <div class='by' style='font-style: italic;'></div>
        <div class='comment_content'><p>Or obsessing about gambling and pro teams or pro's doing things you'd expect pro's would do instead of talking about the game, tactics etc.</p></div>
      </div>
      <div class='comment' style='display: block; margin-left: 80px'>
        <h3>5had0w5talk3r</h3>
        <div class='by' style='font-style: italic;'></div>
        <div class='comment_content'><p>Man, fuck you. You don't know me or my positions. All I've ever wanted was for Valve to stop regressing tech used in their games in the name of "competitive balance". Before you know it the game is going to be nothing but a glorified 1.6. Bring proper physics simulation back to games!</p></div>
        <div class='comment' style='display: block; margin-left: 80px'>
          <h3>Leopard1907</h3>
          <div class='by' style='font-style: italic;'></div>
          <div class='comment_content'><p>Positions?!</p><p>That is just a fucking game , what kind of position a game can put you in?</p></div>
          <div class='comment' style='display: block; margin-left: 80px'>
            <h3>5had0w5talk3r</h3>
            <div class='by' style='font-style: italic;'></div>
            <div class='comment_content'><p>Your position on aspects of the game (things you like/dislike about and why). He's the one who bundled me in with his strawman, anyway. I don't understand why I'm getting shat on for saying I don't like the direction GO took CS in. It's just an opinion.</p></div>
            <div class='comment' style='display: block; margin-left: 80px'>
              <h3>Leopard1907</h3>
              <div class='by' style='font-style: italic;'></div>
              <div class='comment_content'><p>Of course it is an opinion and i respect it.</p><p>However saying someone to fuck you because of a game is absurd.</p></div>
              <div class='comment' style='display: block; margin-left: 80px'>
                <h3>5had0w5talk3r</h3>
                <div class='by' style='font-style: italic;'></div>
                <div class='comment_content'><p>His attitude was completely abrasive. I don't like being shat on because I said I dislike his favourite game.</p></div>
              </div>
            </div>
          </div>
        </div>
        <div class='comment' style='display: block; margin-left: 80px'>
          <h3>headless_cyborg</h3>
          <div class='by' style='font-style: italic;'></div>
          <div class='comment_content'><p>proper physics simulation</p><p>For trolls who want to cover the bomb with a barrel?</p></div>
          <div class='comment' style='display: block; margin-left: 80px'>
            <h3>5had0w5talk3r</h3>
            <div class='by' style='font-style: italic;'></div>
            <div class='comment_content'><p>That was throwing the baby out with the bath water. There's a million and one was to fix the problem: make the bomb collideable with physics objects only, improve placement of physics objects, make the bomb LED glow through physics objects, etc. Instead Valve took the easy shitty path that makes the game less immersive.</p><p>Besides, realistically, what are the chances that you can hide the bomb in a competitive match? You have 1:55min to take a site and plant the bomb, with 40sec to try to hide the bomb while (likely) down on men and defend the site against enemies who are going to be rushing you very soon. It's just not a realistic scenario.</p><p>Games in general barely have any physics simulation at all compared to games from 10-15 years ago, which is deeply saddening and really ruins the immersion into the game world. A more accurate simulation of the world makes the game more realistic, thus more immersive, thus more fun.</p></div>
          </div>
        </div>
      </div>
    </div>
  </div>
</div>
</body>
